╭─────┬─────────┬─────┬─────┬─────┬──────╮
│ PRN │ GNSS    │ Az  │ El  │ SNR │ Used │
├─────┼─────────┼─────┼─────┼─────┼──────┤
│  85 │ GLONASS │ 31° │ 56° │  50 │ ✓    │
│  24 │ GPS     │ 20° │ 71° │  47 │ ✓    │
│ 201 │ BeiDou  │ 90° │ 50° │  31 │ ·    │
╰─────┴─────────┴─────┴─────┴─────┴──────╯
